I'm sorry, but errors were detected in your script. Please correct the
errors listed below, and try again.


File "game/generalMenus.rpy", line 16: end of line expected.
    show lucy talk with dissolve at right
                                 ^

Ren'Py Version: Ren'Py 8.0.3.22090809
Wed Dec 14 13:44:48 2022
